<?xml version="1.0" encoding="ISO-8859-1" ?>
<link_info>
   <banner>TMS320C2000 Linker PC v22.6.2.LTS</banner>
   <copyright>Copyright (c) 1996-2018 Texas Instruments Incorporated</copyright>
   <link_time>0x688f3494</link_time>
   <link_errors>0x0</link_errors>
   <output_file>RS422_UART_Test.out</output_file>
   <entry_point>
      <name>code_start</name>
      <address>0x0</address>
   </entry_point>
   <input_file_list>
      <input_file id="fl-2">
         <path>.\syscfg\</path>
         <kind>object</kind>
         <file>board.obj</file>
         <name>board.obj</name>
      </input_file>
      <input_file id="fl-3">
         <path>.\syscfg\</path>
         <kind>object</kind>
         <file>c2000ware_libraries.obj</file>
         <name>c2000ware_libraries.obj</name>
      </input_file>
      <input_file id="fl-4">
         <path>.\</path>
         <kind>object</kind>
         <file>empty_driverlib_main.obj</file>
         <name>empty_driverlib_main.obj</name>
      </input_file>
      <input_file id="fl-5">
         <path>.\device\</path>
         <kind>object</kind>
         <file>device.obj</file>
         <name>device.obj</name>
      </input_file>
      <input_file id="fl-6">
         <path>.\device\</path>
         <kind>object</kind>
         <file>f2838x_codestartbranch.obj</file>
         <name>f2838x_codestartbranch.obj</name>
      </input_file>
      <input_file id="fl-c">
         <kind>object</kind>
         <file>&lt;internal&gt;</file>
         <name>&lt;internal&gt;</name>
      </input_file>
      <input_file id="fl-d">
         <path>C:\ti\C2000Ware_5_05_00_00\driverlib\f2838x\driverlib\ccs\Debug\</path>
         <kind>archive</kind>
         <file>driverlib.lib</file>
         <name>dcc.obj</name>
      </input_file>
      <input_file id="fl-e">
         <path>C:\ti\C2000Ware_5_05_00_00\driverlib\f2838x\driverlib\ccs\Debug\</path>
         <kind>archive</kind>
         <file>driverlib.lib</file>
         <name>gpio.obj</name>
      </input_file>
      <input_file id="fl-f">
         <path>C:\ti\C2000Ware_5_05_00_00\driverlib\f2838x\driverlib\ccs\Debug\</path>
         <kind>archive</kind>
         <file>driverlib.lib</file>
         <name>i2c.obj</name>
      </input_file>
      <input_file id="fl-10">
         <path>C:\ti\C2000Ware_5_05_00_00\driverlib\f2838x\driverlib\ccs\Debug\</path>
         <kind>archive</kind>
         <file>driverlib.lib</file>
         <name>ipc.obj</name>
      </input_file>
      <input_file id="fl-11">
         <path>C:\ti\C2000Ware_5_05_00_00\driverlib\f2838x\driverlib\ccs\Debug\</path>
         <kind>archive</kind>
         <file>driverlib.lib</file>
         <name>sci.obj</name>
      </input_file>
      <input_file id="fl-12">
         <path>C:\ti\C2000Ware_5_05_00_00\driverlib\f2838x\driverlib\ccs\Debug\</path>
         <kind>archive</kind>
         <file>driverlib.lib</file>
         <name>sysctl.obj</name>
      </input_file>
      <input_file id="fl-13">
         <path>C:\ti\C2000Ware_5_05_00_00\driverlib\f2838x\driverlib\ccs\Debug\</path>
         <kind>archive</kind>
         <file>driverlib.lib</file>
         <name>interrupt.obj</name>
      </input_file>
      <input_file id="fl-1f">
         <path>C:\ti\ccs2020\ccs\tools\compiler\ti-cgt-c2000_22.6.2.LTS\lib\</path>
         <kind>archive</kind>
         <file>rts2800_fpu64_eabi.lib</file>
         <name>sprintf.c.obj</name>
      </input_file>
      <input_file id="fl-20">
         <path>C:\ti\ccs2020\ccs\tools\compiler\ti-cgt-c2000_22.6.2.LTS\lib\</path>
         <kind>archive</kind>
         <file>rts2800_fpu64_eabi.lib</file>
         <name>boot28.asm.obj</name>
      </input_file>
      <input_file id="fl-21">
         <path>C:\ti\ccs2020\ccs\tools\compiler\ti-cgt-c2000_22.6.2.LTS\lib\</path>
         <kind>archive</kind>
         <file>rts2800_fpu64_eabi.lib</file>
         <name>fs_div28.asm.obj</name>
      </input_file>
      <input_file id="fl-22">
         <path>C:\ti\ccs2020\ccs\tools\compiler\ti-cgt-c2000_22.6.2.LTS\lib\</path>
         <kind>archive</kind>
         <file>rts2800_fpu64_eabi.lib</file>
         <name>ll_mpy28.asm.obj</name>
      </input_file>
      <input_file id="fl-23">
         <path>C:\ti\ccs2020\ccs\tools\compiler\ti-cgt-c2000_22.6.2.LTS\lib\</path>
         <kind>archive</kind>
         <file>rts2800_fpu64_eabi.lib</file>
         <name>memcpy.c.obj</name>
      </input_file>
      <input_file id="fl-24">
         <path>C:\ti\ccs2020\ccs\tools\compiler\ti-cgt-c2000_22.6.2.LTS\lib\</path>
         <kind>archive</kind>
         <file>rts2800_fpu64_eabi.lib</file>
         <name>pre_init.c.obj</name>
      </input_file>
      <input_file id="fl-25">
         <path>C:\ti\ccs2020\ccs\tools\compiler\ti-cgt-c2000_22.6.2.LTS\lib\</path>
         <kind>archive</kind>
         <file>rts2800_fpu64_eabi.lib</file>
         <name>autoinit.c.obj</name>
      </input_file>
      <input_file id="fl-26">
         <path>C:\ti\ccs2020\ccs\tools\compiler\ti-cgt-c2000_22.6.2.LTS\lib\</path>
         <kind>archive</kind>
         <file>rts2800_fpu64_eabi.lib</file>
         <name>copy_zero_init.c.obj</name>
      </input_file>
      <input_file id="fl-27">
         <path>C:\ti\ccs2020\ccs\tools\compiler\ti-cgt-c2000_22.6.2.LTS\lib\</path>
         <kind>archive</kind>
         <file>rts2800_fpu64_eabi.lib</file>
         <name>copy_decompress_none.c.obj</name>
      </input_file>
      <input_file id="fl-28">
         <path>C:\ti\ccs2020\ccs\tools\compiler\ti-cgt-c2000_22.6.2.LTS\lib\</path>
         <kind>archive</kind>
         <file>rts2800_fpu64_eabi.lib</file>
         <name>copy_decompress_lzss.c.obj</name>
      </input_file>
      <input_file id="fl-29">
         <path>C:\ti\ccs2020\ccs\tools\compiler\ti-cgt-c2000_22.6.2.LTS\lib\</path>
         <kind>archive</kind>
         <file>rts2800_fpu64_eabi.lib</file>
         <name>exit.c.obj</name>
      </input_file>
      <input_file id="fl-2a">
         <path>C:\ti\ccs2020\ccs\tools\compiler\ti-cgt-c2000_22.6.2.LTS\lib\</path>
         <kind>archive</kind>
         <file>rts2800_fpu64_eabi.lib</file>
         <name>_lock.c.obj</name>
      </input_file>
      <input_file id="fl-2b">
         <path>C:\ti\ccs2020\ccs\tools\compiler\ti-cgt-c2000_22.6.2.LTS\lib\</path>
         <kind>archive</kind>
         <file>rts2800_fpu64_eabi.lib</file>
         <name>args_main.c.obj</name>
      </input_file>
      <input_file id="fl-2c">
         <path>C:\ti\ccs2020\ccs\tools\compiler\ti-cgt-c2000_22.6.2.LTS\lib\</path>
         <kind>archive</kind>
         <file>rts2800_fpu64_eabi.lib</file>
         <name>memset.c.obj</name>
      </input_file>
      <input_file id="fl-2d">
         <path>C:\ti\ccs2020\ccs\tools\compiler\ti-cgt-c2000_22.6.2.LTS\lib\</path>
         <kind>archive</kind>
         <file>rts2800_fpu64_eabi.lib</file>
         <name>_printfi.c.obj</name>
      </input_file>
      <input_file id="fl-2e">
         <path>C:\ti\ccs2020\ccs\tools\compiler\ti-cgt-c2000_22.6.2.LTS\lib\</path>
         <kind>archive</kind>
         <file>rts2800_fpu64_eabi.lib</file>
         <name>s_frexp.c.obj</name>
      </input_file>
      <input_file id="fl-2f">
         <path>C:\ti\ccs2020\ccs\tools\compiler\ti-cgt-c2000_22.6.2.LTS\lib\</path>
         <kind>archive</kind>
         <file>rts2800_fpu64_eabi.lib</file>
         <name>s_scalbn.c.obj</name>
      </input_file>
      <input_file id="fl-30">
         <path>C:\ti\ccs2020\ccs\tools\compiler\ti-cgt-c2000_22.6.2.LTS\lib\</path>
         <kind>archive</kind>
         <file>rts2800_fpu64_eabi.lib</file>
         <name>wcslen.c.obj</name>
      </input_file>
      <input_file id="fl-31">
         <path>C:\ti\ccs2020\ccs\tools\compiler\ti-cgt-c2000_22.6.2.LTS\lib\</path>
         <kind>archive</kind>
         <file>rts2800_fpu64_eabi.lib</file>
         <name>ll_aox28.asm.obj</name>
      </input_file>
      <input_file id="fl-32">
         <path>C:\ti\ccs2020\ccs\tools\compiler\ti-cgt-c2000_22.6.2.LTS\lib\</path>
         <kind>archive</kind>
         <file>rts2800_fpu64_eabi.lib</file>
         <name>ll_cmp28.asm.obj</name>
      </input_file>
      <input_file id="fl-33">
         <path>C:\ti\ccs2020\ccs\tools\compiler\ti-cgt-c2000_22.6.2.LTS\lib\</path>
         <kind>archive</kind>
         <file>rts2800_fpu64_eabi.lib</file>
         <name>ll_div28.asm.obj</name>
      </input_file>
      <input_file id="fl-34">
         <path>C:\ti\ccs2020\ccs\tools\compiler\ti-cgt-c2000_22.6.2.LTS\lib\</path>
         <kind>archive</kind>
         <file>rts2800_fpu64_eabi.lib</file>
         <name>cpy_tbl.c.obj</name>
      </input_file>
      <input_file id="fl-35">
         <path>C:\ti\ccs2020\ccs\tools\compiler\ti-cgt-c2000_22.6.2.LTS\lib\</path>
         <kind>archive</kind>
         <file>rts2800_fpu64_eabi.lib</file>
         <name>startup.c.obj</name>
      </input_file>
      <input_file id="fl-36">
         <path>C:\ti\ccs2020\ccs\tools\compiler\ti-cgt-c2000_22.6.2.LTS\lib\</path>
         <kind>archive</kind>
         <file>rts2800_fpu64_eabi.lib</file>
         <name>_ltoa.c.obj</name>
      </input_file>
      <input_file id="fl-37">
         <path>C:\ti\ccs2020\ccs\tools\compiler\ti-cgt-c2000_22.6.2.LTS\lib\</path>
         <kind>archive</kind>
         <file>rts2800_fpu64_eabi.lib</file>
         <name>atoi.c.obj</name>
      </input_file>
      <input_file id="fl-38">
         <path>C:\ti\ccs2020\ccs\tools\compiler\ti-cgt-c2000_22.6.2.LTS\lib\</path>
         <kind>archive</kind>
         <file>rts2800_fpu64_eabi.lib</file>
         <name>ctype.c.obj</name>
      </input_file>
      <input_file id="fl-39">
         <path>C:\ti\ccs2020\ccs\tools\compiler\ti-cgt-c2000_22.6.2.LTS\lib\</path>
         <kind>archive</kind>
         <file>rts2800_fpu64_eabi.lib</file>
         <name>memccpy.c.obj</name>
      </input_file>
      <input_file id="fl-3a">
         <path>C:\ti\ccs2020\ccs\tools\compiler\ti-cgt-c2000_22.6.2.LTS\lib\</path>
         <kind>archive</kind>
         <file>rts2800_fpu64_eabi.lib</file>
         <name>strchr.c.obj</name>
      </input_file>
      <input_file id="fl-3b">
         <path>C:\ti\ccs2020\ccs\tools\compiler\ti-cgt-c2000_22.6.2.LTS\lib\</path>
         <kind>archive</kind>
         <file>rts2800_fpu64_eabi.lib</file>
         <name>strcpy.c.obj</name>
      </input_file>
      <input_file id="fl-3c">
         <path>C:\ti\ccs2020\ccs\tools\compiler\ti-cgt-c2000_22.6.2.LTS\lib\</path>
         <kind>archive</kind>
         <file>rts2800_fpu64_eabi.lib</file>
         <name>strlen.c.obj</name>
      </input_file>
      <input_file id="fl-3d">
         <path>C:\ti\ccs2020\ccs\tools\compiler\ti-cgt-c2000_22.6.2.LTS\lib\</path>
         <kind>archive</kind>
         <file>rts2800_fpu64_eabi.lib</file>
         <name>errno.c.obj</name>
      </input_file>
      <input_file id="fl-3e">
         <path>C:\ti\ccs2020\ccs\tools\compiler\ti-cgt-c2000_22.6.2.LTS\lib\</path>
         <kind>archive</kind>
         <file>rts2800_fpu64_eabi.lib</file>
         <name>s_copysign.c.obj</name>
      </input_file>
      <input_file id="fl-3f">
         <path>C:\ti\ccs2020\ccs\tools\compiler\ti-cgt-c2000_22.6.2.LTS\lib\</path>
         <kind>archive</kind>
         <file>rts2800_fpu64_eabi.lib</file>
         <name>l_div28.asm.obj</name>
      </input_file>
   </input_file_list>
   <object_component_list>
      <object_component id="oc-29">
         <name>codestart</name>
         <load_address>0x0</load_address>
         <run_address>0x0</run_address>
         <size>0x2</size>
         <input_file_ref idref="fl-6"/>
      </object_component>
      <object_component id="oc-236">
         <name>.text:read_pressure_ms5607</name>
         <load_address>0x8000</load_address>
         <run_address>0x8000</run_address>
         <size>0x12c</size>
         <input_file_ref idref="fl-4"/>
      </object_component>
      <object_component id="oc-26e">
         <name>.text:SysCtl_isPLLValid</name>
         <load_address>0x812c</load_address>
         <run_address>0x812c</run_address>
         <size>0x118</size>
         <input_file_ref idref="fl-12"/>
      </object_component>
      <object_component id="oc-169">
         <name>.text:SysCtl_setAuxClock</name>
         <load_address>0x8244</load_address>
         <run_address>0x8244</run_address>
         <size>0x118</size>
         <input_file_ref idref="fl-12"/>
      </object_component>
      <object_component id="oc-4e1">
         <name>.text</name>
         <load_address>0x835c</load_address>
         <run_address>0x835c</run_address>
         <size>0x107</size>
         <input_file_ref idref="fl-33"/>
      </object_component>
      <object_component id="oc-1af">
         <name>.text:config_pins</name>
         <load_address>0x8463</load_address>
         <run_address>0x8463</run_address>
         <size>0xaf</size>
         <input_file_ref idref="fl-4"/>
      </object_component>
      <object_component id="oc-51e">
         <name>.text</name>
         <load_address>0x8512</load_address>
         <run_address>0x8512</run_address>
         <size>0xa0</size>
         <input_file_ref idref="fl-2f"/>
      </object_component>
      <object_component id="oc-352">
         <name>.text</name>
         <load_address>0x85b2</load_address>
         <run_address>0x85b2</run_address>
         <size>0x88</size>
         <input_file_ref idref="fl-21"/>
      </object_component>
      <object_component id="oc-461">
         <name>.text:ms5607_read_prom</name>
         <load_address>0x863a</load_address>
         <run_address>0x863a</run_address>
         <size>0x75</size>
         <input_file_ref idref="fl-4"/>
      </object_component>
      <object_component id="oc-39f">
         <name>.text:DCC_setCounterSeeds</name>
         <load_address>0x86af</load_address>
         <run_address>0x86af</run_address>
         <size>0x73</size>
         <input_file_ref idref="fl-d"/>
      </object_component>
      <object_component id="oc-40a">
         <name>.text:DCC_setCounterSeeds</name>
         <load_address>0x8722</load_address>
         <run_address>0x8722</run_address>
         <size>0x73</size>
         <input_file_ref idref="fl-12"/>
      </object_component>
      <object_component id="oc-1d5">
         <name>.text:I2C_initController</name>
         <load_address>0x8795</load_address>
         <run_address>0x8795</run_address>
         <size>0x64</size>
         <input_file_ref idref="fl-f"/>
      </object_component>
      <object_component id="oc-17c">
         <name>.text:__error__</name>
         <load_address>0x87f9</load_address>
         <run_address>0x87f9</run_address>
         <size>0x7</size>
         <input_file_ref idref="fl-5"/>
      </object_component>
      <object_component id="oc-20c">
         <name>.text:read_temp_tmp100</name>
         <load_address>0x8800</load_address>
         <run_address>0x8800</run_address>
         <size>0x73</size>
         <input_file_ref idref="fl-4"/>
      </object_component>
      <object_component id="oc-130">
         <name>.text:cmd_decoder</name>
         <load_address>0x8873</load_address>
         <run_address>0x8873</run_address>
         <size>0x6d</size>
         <input_file_ref idref="fl-4"/>
      </object_component>
      <object_component id="oc-22a">
         <name>.text:read_temp_ms5607</name>
         <load_address>0x88e0</load_address>
         <run_address>0x88e0</run_address>
         <size>0x6c</size>
         <input_file_ref idref="fl-4"/>
      </object_component>
      <object_component id="oc-188">
         <name>.text:SysCtl_getAuxClock</name>
         <load_address>0x894c</load_address>
         <run_address>0x894c</run_address>
         <size>0x61</size>
         <input_file_ref idref="fl-12"/>
      </object_component>
      <object_component id="oc-175">
         <name>.text:SysCtl_getClock</name>
         <load_address>0x89ad</load_address>
         <run_address>0x89ad</run_address>
         <size>0x60</size>
         <input_file_ref idref="fl-12"/>
      </object_component>
      <object_component id="oc-277">
         <name>.text:SysCtl_selectOscSourceAuxPLL</name>
         <load_address>0x8a0d</load_address>
         <run_address>0x8a0d</run_address>
         <size>0x5e</size>
         <input_file_ref idref="fl-12"/>
      </object_component>
      <object_component id="oc-106">
         <name>.text:Device_init</name>
         <load_address>0x8a6b</load_address>
         <run_address>0x8a6b</run_address>
         <size>0x5c</size>
         <input_file_ref idref="fl-5"/>
      </object_component>
      <object_component id="oc-518">
         <name>.text</name>
         <load_address>0x8ac7</load_address>
         <run_address>0x8ac7</run_address>
         <size>0x59</size>
         <input_file_ref idref="fl-2e"/>
      </object_component>
      <object_component id="oc-29d">
         <name>.text:GPIO_setPadConfig</name>
         <load_address>0x8b20</load_address>
         <run_address>0x8b20</run_address>
         <size>0x52</size>
         <input_file_ref idref="fl-e"/>
      </object_component>
      <object_component id="oc-2ec">
         <name>.text:delay_ms</name>
         <load_address>0x8b72</load_address>
         <run_address>0x8b72</run_address>
         <size>0x4d</size>
         <input_file_ref idref="fl-4"/>
      </object_component>
      <object_component id="oc-218">
         <name>.text:read_temp_hih8131</name>
         <load_address>0x8bbf</load_address>
         <run_address>0x8bbf</run_address>
         <size>0x4d</size>
         <input_file_ref idref="fl-4"/>
      </object_component>
      <object_component id="oc-21e">
         <name>.text:read_humidity_hih8131</name>
         <load_address>0x8c0c</load_address>
         <run_address>0x8c0c</run_address>
         <size>0x4b</size>
         <input_file_ref idref="fl-4"/>
      </object_component>
      <object_component id="oc-420">
         <name>.text:SysCtl_pollX1Counter</name>
         <load_address>0x8c57</load_address>
         <run_address>0x8c57</run_address>
         <size>0x49</size>
         <input_file_ref idref="fl-12"/>
      </object_component>
      <object_component id="oc-262">
         <name>.text:SysCtl_selectOscSource</name>
         <load_address>0x8ca0</load_address>
         <run_address>0x8ca0</run_address>
         <size>0x47</size>
         <input_file_ref idref="fl-12"/>
      </object_component>
      <object_component id="oc-200">
         <name>.text:GPIO_writePin</name>
         <load_address>0x8ce7</load_address>
         <run_address>0x8ce7</run_address>
         <size>0x44</size>
         <input_file_ref idref="fl-4"/>
      </object_component>
      <object_component id="oc-230">
         <name>.text:send_float</name>
         <load_address>0x8d2b</load_address>
         <run_address>0x8d2b</run_address>
         <size>0x43</size>
         <input_file_ref idref="fl-4"/>
      </object_component>
      <object_component id="oc-3cc">
         <name>.text:SysCtl_selectXTAL</name>
         <load_address>0x8d6e</load_address>
         <run_address>0x8d6e</run_address>
         <size>0x40</size>
         <input_file_ref idref="fl-12"/>
      </object_component>
      <object_component id="oc-1bc">
         <name>.text:SCI_setConfig</name>
         <load_address>0x8dae</load_address>
         <run_address>0x8dae</run_address>
         <size>0x3e</size>
         <input_file_ref idref="fl-11"/>
      </object_component>
      <object_component id="oc-2a3">
         <name>.text:GPIO_setPinConfig</name>
         <load_address>0x8dec</load_address>
         <run_address>0x8dec</run_address>
         <size>0x37</size>
         <input_file_ref idref="fl-e"/>
      </object_component>
      <object_component id="oc-2a9">
         <name>.text:GPIO_setQualificationMode</name>
         <load_address>0x8e23</load_address>
         <run_address>0x8e23</run_address>
         <size>0x37</size>
         <input_file_ref idref="fl-e"/>
      </object_component>
      <object_component id="oc-340">
         <name>.text:ms5607_init_once</name>
         <load_address>0x8e5a</load_address>
         <run_address>0x8e5a</run_address>
         <size>0x37</size>
         <input_file_ref idref="fl-4"/>
      </object_component>
      <object_component id="oc-358">
         <name>.text</name>
         <load_address>0x8e91</load_address>
         <run_address>0x8e91</run_address>
         <size>0x32</size>
         <input_file_ref idref="fl-1f"/>
      </object_component>
      <object_component id="oc-297">
         <name>.text:GPIO_setDirectionMode</name>
         <load_address>0x8ec3</load_address>
         <run_address>0x8ec3</run_address>
         <size>0x31</size>
         <input_file_ref idref="fl-e"/>
      </object_component>
      <object_component id="oc-4d6">
         <name>.text</name>
         <load_address>0x8ef4</load_address>
         <run_address>0x8ef4</run_address>
         <size>0x31</size>
         <input_file_ref idref="fl-37"/>
      </object_component>
      <object_component id="oc-512">
         <name>.text</name>
         <load_address>0x8f25</load_address>
         <run_address>0x8f25</run_address>
         <size>0x30</size>
         <input_file_ref idref="fl-36"/>
      </object_component>
      <object_component id="oc-212">
         <name>.text:send_msg</name>
         <load_address>0x8f55</load_address>
         <run_address>0x8f55</run_address>
         <size>0x30</size>
         <input_file_ref idref="fl-4"/>
      </object_component>
      <object_component id="oc-1c">
         <name>.text:decompress:lzss</name>
         <load_address>0x8f85</load_address>
         <run_address>0x8f85</run_address>
         <size>0x2e</size>
         <input_file_ref idref="fl-28"/>
      </object_component>
      <object_component id="oc-ae">
         <name>.text:__TI_auto_init_nobinit_nopinit</name>
         <load_address>0x8fb3</load_address>
         <run_address>0x8fb3</run_address>
         <size>0x2b</size>
         <input_file_ref idref="fl-25"/>
      </object_component>
      <object_component id="oc-de">
         <name>.text:main</name>
         <load_address>0x8fde</load_address>
         <run_address>0x8fde</run_address>
         <size>0x22</size>
         <input_file_ref idref="fl-4"/>
      </object_component>
      <object_component id="oc-346">
         <name>.text:ms5607_send_command</name>
         <load_address>0x9000</load_address>
         <run_address>0x9000</run_address>
         <size>0x2a</size>
         <input_file_ref idref="fl-4"/>
      </object_component>
      <object_component id="oc-540">
         <name>.text</name>
         <load_address>0x902a</load_address>
         <run_address>0x902a</run_address>
         <size>0x2a</size>
         <input_file_ref idref="fl-3f"/>
      </object_component>
      <object_component id="oc-a2">
         <name>.text</name>
         <load_address>0x9054</load_address>
         <run_address>0x9054</run_address>
         <size>0x29</size>
         <input_file_ref idref="fl-29"/>
      </object_component>
      <object_component id="oc-549">
         <name>.text</name>
         <load_address>0x907d</load_address>
         <run_address>0x907d</run_address>
         <size>0x28</size>
         <input_file_ref idref="fl-3e"/>
      </object_component>
      <object_component id="oc-3d2">
         <name>.text:SysCtl_selectXTALSingleEnded</name>
         <load_address>0x90a5</load_address>
         <run_address>0x90a5</run_address>
         <size>0x25</size>
         <input_file_ref idref="fl-12"/>
      </object_component>
      <object_component id="oc-3a5">
         <name>.text:DCC_enableSingleShotMode</name>
         <load_address>0x90ca</load_address>
         <run_address>0x90ca</run_address>
         <size>0x24</size>
         <input_file_ref idref="fl-d"/>
      </object_component>
      <object_component id="oc-410">
         <name>.text:DCC_enableSingleShotMode</name>
         <load_address>0x90ee</load_address>
         <run_address>0x90ee</run_address>
         <size>0x24</size>
         <input_file_ref idref="fl-12"/>
      </object_component>
      <object_component id="oc-10c">
         <name>.text:Device_initGPIO</name>
         <load_address>0x9112</load_address>
         <run_address>0x9112</run_address>
         <size>0x21</size>
         <input_file_ref idref="fl-5"/>
      </object_component>
      <object_component id="oc-118">
         <name>.text:init_uart_rs422</name>
         <load_address>0x9133</load_address>
         <run_address>0x9133</run_address>
         <size>0x21</size>
         <input_file_ref idref="fl-4"/>
      </object_component>
      <object_component id="oc-3fe">
         <name>.text:DCC_setCounter0ClkSource</name>
         <load_address>0x9154</load_address>
         <run_address>0x9154</run_address>
         <size>0x1e</size>
         <input_file_ref idref="fl-12"/>
      </object_component>
      <object_component id="oc-399">
         <name>.text:DCC_setCounter1ClkSource</name>
         <load_address>0x9172</load_address>
         <run_address>0x9172</run_address>
         <size>0x1e</size>
         <input_file_ref idref="fl-d"/>
      </object_component>
      <object_component id="oc-404">
         <name>.text:DCC_setCounter1ClkSource</name>
         <load_address>0x9190</load_address>
         <run_address>0x9190</run_address>
         <size>0x1e</size>
         <input_file_ref idref="fl-12"/>
      </object_component>
      <object_component id="oc-157">
         <name>.text:Device_verifyXTAL</name>
         <load_address>0x91ae</load_address>
         <run_address>0x91ae</run_address>
         <size>0x1e</size>
         <input_file_ref idref="fl-5"/>
      </object_component>
      <object_component id="oc-331">
         <name>.text:I2C_isBusBusy</name>
         <load_address>0x91cc</load_address>
         <run_address>0x91cc</run_address>
         <size>0x1e</size>
         <input_file_ref idref="fl-4"/>
      </object_component>
      <object_component id="oc-36">
         <name>.text:Interrupt_initVectorTable</name>
         <load_address>0x91ea</load_address>
         <run_address>0x91ea</run_address>
         <size>0x1e</size>
         <input_file_ref idref="fl-13"/>
      </object_component>
      <object_component id="oc-12a">
         <name>.text:SCI_readCharBlockingFIFO</name>
         <load_address>0x9208</load_address>
         <run_address>0x9208</run_address>
         <size>0x1e</size>
         <input_file_ref idref="fl-4"/>
      </object_component>
      <object_component id="oc-4dc">
         <name>.text</name>
         <load_address>0x9226</load_address>
         <run_address>0x9226</run_address>
         <size>0x1e</size>
         <input_file_ref idref="fl-32"/>
      </object_component>
      <object_component id="oc-1ce">
         <name>.text:SCI_enableFIFO</name>
         <load_address>0x9244</load_address>
         <run_address>0x9244</run_address>
         <size>0x1d</size>
         <input_file_ref idref="fl-4"/>
      </object_component>
      <object_component id="oc-11e">
         <name>.text:init_I2C_perip</name>
         <load_address>0x9261</load_address>
         <run_address>0x9261</run_address>
         <size>0x1d</size>
         <input_file_ref idref="fl-4"/>
      </object_component>
      <object_component id="oc-4f">
         <name>.text</name>
         <load_address>0x927e</load_address>
         <run_address>0x927e</run_address>
         <size>0x1d</size>
         <input_file_ref idref="fl-23"/>
      </object_component>
      <object_component id="oc-3c3">
         <name>.text:DCC_getErrorStatus</name>
         <load_address>0x929b</load_address>
         <run_address>0x929b</run_address>
         <size>0x1c</size>
         <input_file_ref idref="fl-d"/>
      </object_component>
      <object_component id="oc-3bd">
         <name>.text:DCC_getSingleShotStatus</name>
         <load_address>0x92b7</load_address>
         <run_address>0x92b7</run_address>
         <size>0x1c</size>
         <input_file_ref idref="fl-d"/>
      </object_component>
      <object_component id="oc-2ff">
         <name>.text:I2C_setTargetAddress</name>
         <load_address>0x92d3</load_address>
         <run_address>0x92d3</run_address>
         <size>0x1b</size>
         <input_file_ref idref="fl-4"/>
      </object_component>
      <object_component id="oc-2b1">
         <name>.text:SCI_isBaseValid</name>
         <load_address>0x92ee</load_address>
         <run_address>0x92ee</run_address>
         <size>0x1b</size>
         <input_file_ref idref="fl-11"/>
      </object_component>
      <object_component id="oc-1ee">
         <name>.text:SCI_isBaseValid</name>
         <load_address>0x9309</load_address>
         <run_address>0x9309</run_address>
         <size>0x1b</size>
         <input_file_ref idref="fl-4"/>
      </object_component>
      <object_component id="oc-36e">
         <name>.text:DCC_isBaseValid</name>
         <load_address>0x9324</load_address>
         <run_address>0x9324</run_address>
         <size>0x1a</size>
         <input_file_ref idref="fl-d"/>
      </object_component>
      <object_component id="oc-491">
         <name>.text:DCC_isBaseValid</name>
         <load_address>0x933e</load_address>
         <run_address>0x933e</run_address>
         <size>0x1a</size>
         <input_file_ref idref="fl-12"/>
      </object_component>
      <object_component id="oc-305">
         <name>.text:I2C_setConfig</name>
         <load_address>0x9358</load_address>
         <run_address>0x9358</run_address>
         <size>0x1a</size>
         <input_file_ref idref="fl-4"/>
      </object_component>
      <object_component id="oc-46e">
         <name>.text:SCI_isSpaceAvailableNonFIFO</name>
         <load_address>0x9372</load_address>
         <run_address>0x9372</run_address>
         <size>0x1a</size>
         <input_file_ref idref="fl-4"/>
      </object_component>
      <object_component id="oc-182">
         <name>.text:SysCtl_getLowSpeedClock</name>
         <load_address>0x938c</load_address>
         <run_address>0x938c</run_address>
         <size>0x1a</size>
         <input_file_ref idref="fl-12"/>
      </object_component>
      <object_component id="oc-2f2">
         <name>.text:SCI_writeCharBlockingFIFO</name>
         <load_address>0x93a6</load_address>
         <run_address>0x93a6</run_address>
         <size>0x19</size>
         <input_file_ref idref="fl-4"/>
      </object_component>
      <object_component id="oc-35e">
         <name>.text:SCI_writeCharBlockingNonFIFO</name>
         <load_address>0x93bf</load_address>
         <run_address>0x93bf</run_address>
         <size>0x19</size>
         <input_file_ref idref="fl-4"/>
      </object_component>
      <object_component id="oc-81">
         <name>.text</name>
         <load_address>0x93d8</load_address>
         <run_address>0x93d8</run_address>
         <size>0x19</size>
         <input_file_ref idref="fl-20"/>
      </object_component>
      <object_component id="oc-2b8">
         <name>.text:SCI_disableModule</name>
         <load_address>0x93f1</load_address>
         <run_address>0x93f1</run_address>
         <size>0x18</size>
         <input_file_ref idref="fl-11"/>
      </object_component>
      <object_component id="oc-1b6">
         <name>.text:SCI_performSoftwareReset</name>
         <load_address>0x9409</load_address>
         <run_address>0x9409</run_address>
         <size>0x18</size>
         <input_file_ref idref="fl-4"/>
      </object_component>
      <object_component id="oc-1c2">
         <name>.text:SCI_resetChannels</name>
         <load_address>0x9421</load_address>
         <run_address>0x9421</run_address>
         <size>0x18</size>
         <input_file_ref idref="fl-4"/>
      </object_component>
      <object_component id="oc-4e6">
         <name>.text</name>
         <load_address>0x9439</load_address>
         <run_address>0x9439</run_address>
         <size>0x18</size>
         <input_file_ref idref="fl-31"/>
      </object_component>
      <object_component id="oc-24e">
         <name>.text:SysCtl_enablePeripheral</name>
         <load_address>0x9451</load_address>
         <run_address>0x9451</run_address>
         <size>0x17</size>
         <input_file_ref idref="fl-5"/>
      </object_component>
      <object_component id="oc-3da">
         <name>.text:SysCtl_enablePeripheral</name>
         <load_address>0x9468</load_address>
         <run_address>0x9468</run_address>
         <size>0x17</size>
         <input_file_ref idref="fl-12"/>
      </object_component>
      <object_component id="oc-38d">
         <name>.text:DCC_disableDoneSignal</name>
         <load_address>0x947f</load_address>
         <run_address>0x947f</run_address>
         <size>0x16</size>
         <input_file_ref idref="fl-d"/>
      </object_component>
      <object_component id="oc-3f8">
         <name>.text:DCC_disableDoneSignal</name>
         <load_address>0x9495</load_address>
         <run_address>0x9495</run_address>
         <size>0x16</size>
         <input_file_ref idref="fl-12"/>
      </object_component>
      <object_component id="oc-3b1">
         <name>.text:DCC_enableDoneSignal</name>
         <load_address>0x94ab</load_address>
         <run_address>0x94ab</run_address>
         <size>0x16</size>
         <input_file_ref idref="fl-d"/>
      </object_component>
      <object_component id="oc-2e">
         <name>.text:Interrupt_defaultHandler</name>
         <load_address>0x94c1</load_address>
         <run_address>0x94c1</run_address>
         <size>0x16</size>
         <input_file_ref idref="fl-13"/>
      </object_component>
      <object_component id="oc-37b">
         <name>.text:DCC_clearDoneFlag</name>
         <load_address>0x94d7</load_address>
         <run_address>0x94d7</run_address>
         <size>0x15</size>
         <input_file_ref idref="fl-d"/>
      </object_component>
      <object_component id="oc-3e6">
         <name>.text:DCC_clearDoneFlag</name>
         <load_address>0x94ec</load_address>
         <run_address>0x94ec</run_address>
         <size>0x15</size>
         <input_file_ref idref="fl-12"/>
      </object_component>
      <object_component id="oc-375">
         <name>.text:DCC_clearErrorFlag</name>
         <load_address>0x9501</load_address>
         <run_address>0x9501</run_address>
         <size>0x15</size>
         <input_file_ref idref="fl-d"/>
      </object_component>
      <object_component id="oc-3e0">
         <name>.text:DCC_clearErrorFlag</name>
         <load_address>0x9516</load_address>
         <run_address>0x9516</run_address>
         <size>0x15</size>
         <input_file_ref idref="fl-12"/>
      </object_component>
      <object_component id="oc-387">
         <name>.text:DCC_disableErrorSignal</name>
         <load_address>0x952b</load_address>
         <run_address>0x952b</run_address>
         <size>0x15</size>
         <input_file_ref idref="fl-d"/>
      </object_component>
      <object_component id="oc-3f2">
         <name>.text:DCC_disableErrorSignal</name>
         <load_address>0x9540</load_address>
         <run_address>0x9540</run_address>
         <size>0x15</size>
         <input_file_ref idref="fl-12"/>
      </object_component>
      <object_component id="oc-19c">
         <name>.text:GPIO_unlockPortConfig</name>
         <load_address>0x9555</load_address>
         <run_address>0x9555</run_address>
         <size>0x15</size>
         <input_file_ref idref="fl-5"/>
      </object_component>
      <object_component id="oc-224">
         <name>.text:send_fail</name>
         <load_address>0x956a</load_address>
         <run_address>0x956a</run_address>
         <size>0x15</size>
         <input_file_ref idref="fl-4"/>
      </object_component>
      <object_component id="oc-206">
         <name>.text:send_ok</name>
         <load_address>0x957f</load_address>
         <run_address>0x957f</run_address>
         <size>0x15</size>
         <input_file_ref idref="fl-4"/>
      </object_component>
      <object_component id="oc-381">
         <name>.text:DCC_disableModule</name>
         <load_address>0x9594</load_address>
         <run_address>0x9594</run_address>
         <size>0x14</size>
         <input_file_ref idref="fl-d"/>
      </object_component>
      <object_component id="oc-3ec">
         <name>.text:DCC_disableModule</name>
         <load_address>0x95a8</load_address>
         <run_address>0x95a8</run_address>
         <size>0x14</size>
         <input_file_ref idref="fl-12"/>
      </object_component>
      <object_component id="oc-3ab">
         <name>.text:DCC_enableErrorSignal</name>
         <load_address>0x95bc</load_address>
         <run_address>0x95bc</run_address>
         <size>0x14</size>
         <input_file_ref idref="fl-d"/>
      </object_component>
      <object_component id="oc-3b7">
         <name>.text:DCC_enableModule</name>
         <load_address>0x95d0</load_address>
         <run_address>0x95d0</run_address>
         <size>0x14</size>
         <input_file_ref idref="fl-d"/>
      </object_component>
      <object_component id="oc-416">
         <name>.text:DCC_enableModule</name>
         <load_address>0x95e4</load_address>
         <run_address>0x95e4</run_address>
         <size>0x14</size>
         <input_file_ref idref="fl-12"/>
      </object_component>
      <object_component id="oc-30b">
         <name>.text:I2C_putData</name>
         <load_address>0x95f8</load_address>
         <run_address>0x95f8</run_address>
         <size>0x14</size>
         <input_file_ref idref="fl-4"/>
      </object_component>
      <object_component id="oc-124">
         <name>.text:SCI_getRxFIFOStatus</name>
         <load_address>0x960c</load_address>
         <run_address>0x960c</run_address>
         <size>0x14</size>
         <input_file_ref idref="fl-4"/>
      </object_component>
      <object_component id="oc-446">
         <name>.text:SCI_getTxFIFOStatus</name>
         <load_address>0x9620</load_address>
         <run_address>0x9620</run_address>
         <size>0x14</size>
         <input_file_ref idref="fl-4"/>
      </object_component>
      <object_component id="oc-18e">
         <name>.text:SysCtl_deviceCal</name>
         <load_address>0x9634</load_address>
         <run_address>0x9634</run_address>
         <size>0x14</size>
         <input_file_ref idref="fl-5"/>
      </object_component>
      <object_component id="oc-365">
         <name>.text</name>
         <load_address>0x9648</load_address>
         <run_address>0x9648</run_address>
         <size>0x14</size>
         <input_file_ref idref="fl-22"/>
      </object_component>
      <object_component id="oc-289">
         <name>.text:Device_enableUnbondedGPIOPullupsFor176Pin</name>
         <load_address>0x965c</load_address>
         <run_address>0x965c</run_address>
         <size>0x13</size>
         <input_file_ref idref="fl-5"/>
      </object_component>
      <object_component id="oc-1e7">
         <name>.text:I2C_disableLoopback</name>
         <load_address>0x966f</load_address>
         <run_address>0x966f</run_address>
         <size>0x13</size>
         <input_file_ref idref="fl-4"/>
      </object_component>
      <object_component id="oc-452">
         <name>.text:I2C_disableModule</name>
         <load_address>0x9682</load_address>
         <run_address>0x9682</run_address>
         <size>0x13</size>
         <input_file_ref idref="fl-4"/>
      </object_component>
      <object_component id="oc-1e1">
         <name>.text:I2C_enableModule</name>
         <load_address>0x9695</load_address>
         <run_address>0x9695</run_address>
         <size>0x13</size>
         <input_file_ref idref="fl-4"/>
      </object_component>
      <object_component id="oc-2c9">
         <name>.text:I2C_isBaseValid</name>
         <load_address>0x96a8</load_address>
         <run_address>0x96a8</run_address>
         <size>0x13</size>
         <input_file_ref idref="fl-f"/>
      </object_component>
      <object_component id="oc-2d2">
         <name>.text:I2C_isBaseValid</name>
         <load_address>0x96bb</load_address>
         <run_address>0x96bb</run_address>
         <size>0x13</size>
         <input_file_ref idref="fl-4"/>
      </object_component>
      <object_component id="oc-311">
         <name>.text:I2C_sendStartCondition</name>
         <load_address>0x96ce</load_address>
         <run_address>0x96ce</run_address>
         <size>0x13</size>
         <input_file_ref idref="fl-4"/>
      </object_component>
      <object_component id="oc-329">
         <name>.text:I2C_sendStopCondition</name>
         <load_address>0x96e1</load_address>
         <run_address>0x96e1</run_address>
         <size>0x13</size>
         <input_file_ref idref="fl-4"/>
      </object_component>
      <object_component id="oc-2be">
         <name>.text:SCI_enableModule</name>
         <load_address>0x96f4</load_address>
         <run_address>0x96f4</run_address>
         <size>0x13</size>
         <input_file_ref idref="fl-11"/>
      </object_component>
      <object_component id="oc-1c8">
         <name>.text:SCI_enableModule</name>
         <load_address>0x9707</load_address>
         <run_address>0x9707</run_address>
         <size>0x13</size>
         <input_file_ref idref="fl-4"/>
      </object_component>
      <object_component id="oc-1db">
         <name>.text:I2C_setDataCount</name>
         <load_address>0x971a</load_address>
         <run_address>0x971a</run_address>
         <size>0x12</size>
         <input_file_ref idref="fl-4"/>
      </object_component>
      <object_component id="oc-1a2">
         <name>.text:Device_enableUnbondedGPIOPullups</name>
         <load_address>0x972c</load_address>
         <run_address>0x972c</run_address>
         <size>0x11</size>
         <input_file_ref idref="fl-5"/>
      </object_component>
      <object_component id="oc-16f">
         <name>.text:SysCtl_setCMClk</name>
         <load_address>0x973d</load_address>
         <run_address>0x973d</run_address>
         <size>0x11</size>
         <input_file_ref idref="fl-5"/>
      </object_component>
      <object_component id="oc-323">
         <name>.text:I2C_getData</name>
         <load_address>0x974e</load_address>
         <run_address>0x974e</run_address>
         <size>0x10</size>
         <input_file_ref idref="fl-4"/>
      </object_component>
      <object_component id="oc-31d">
         <name>.text:I2C_getStatus</name>
         <load_address>0x975e</load_address>
         <run_address>0x975e</run_address>
         <size>0x10</size>
         <input_file_ref idref="fl-4"/>
      </object_component>
      <object_component id="oc-1f6">
         <name>.text:SCI_getRxStatus</name>
         <load_address>0x976e</load_address>
         <run_address>0x976e</run_address>
         <size>0x10</size>
         <input_file_ref idref="fl-4"/>
      </object_component>
      <object_component id="oc-2f8">
         <name>.text:rs422_disable_tx</name>
         <load_address>0x977e</load_address>
         <run_address>0x977e</run_address>
         <size>0x10</size>
         <input_file_ref idref="fl-4"/>
      </object_component>
      <object_component id="oc-2e6">
         <name>.text:rs422_enable_tx</name>
         <load_address>0x978e</load_address>
         <run_address>0x978e</run_address>
         <size>0x10</size>
         <input_file_ref idref="fl-4"/>
      </object_component>
      <object_component id="oc-4ce">
         <name>.text</name>
         <load_address>0x979e</load_address>
         <run_address>0x979e</run_address>
         <size>0x10</size>
         <input_file_ref idref="fl-39"/>
      </object_component>
      <object_component id="oc-2f">
         <name>.text:Interrupt_unregister</name>
         <load_address>0x97ae</load_address>
         <run_address>0x97ae</run_address>
         <size>0xf</size>
         <input_file_ref idref="fl-10"/>
      </object_component>
      <object_component id="oc-268">
         <name>.text:SysCtl_setPLLSysClk</name>
         <load_address>0x97bd</load_address>
         <run_address>0x97bd</run_address>
         <size>0xf</size>
         <input_file_ref idref="fl-12"/>
      </object_component>
      <object_component id="oc-42c">
         <name>.text:GPIO_isPinValid</name>
         <load_address>0x97cc</load_address>
         <run_address>0x97cc</run_address>
         <size>0xe</size>
         <input_file_ref idref="fl-e"/>
      </object_component>
      <object_component id="oc-2df">
         <name>.text:GPIO_isPinValid</name>
         <load_address>0x97da</load_address>
         <run_address>0x97da</run_address>
         <size>0xe</size>
         <input_file_ref idref="fl-4"/>
      </object_component>
      <object_component id="oc-163">
         <name>.text:SysCtl_setLowSpeedClock</name>
         <load_address>0x97e8</load_address>
         <run_address>0x97e8</run_address>
         <size>0xd</size>
         <input_file_ref idref="fl-5"/>
      </object_component>
      <object_component id="oc-150">
         <name>.text:SysCtl_disableWatchdog</name>
         <load_address>0x97f5</load_address>
         <run_address>0x97f5</run_address>
         <size>0xb</size>
         <input_file_ref idref="fl-5"/>
      </object_component>
      <object_component id="oc-317">
         <name>.text:reset_i2c_bus</name>
         <load_address>0x9800</load_address>
         <run_address>0x9800</run_address>
         <size>0xd</size>
         <input_file_ref idref="fl-4"/>
      </object_component>
      <object_component id="oc-9c">
         <name>.text</name>
         <load_address>0x980d</load_address>
         <run_address>0x980d</run_address>
         <size>0xc</size>
         <input_file_ref idref="fl-2b"/>
      </object_component>
      <object_component id="oc-524">
         <name>.text</name>
         <load_address>0x9819</load_address>
         <run_address>0x9819</run_address>
         <size>0xc</size>
         <input_file_ref idref="fl-3a"/>
      </object_component>
      <object_component id="oc-25c">
         <name>.text:SysCtl_isMCDClockFailureDetected</name>
         <load_address>0x9825</load_address>
         <run_address>0x9825</run_address>
         <size>0xb</size>
         <input_file_ref idref="fl-12"/>
      </object_component>
      <object_component id="oc-4eb">
         <name>.text</name>
         <load_address>0x9830</load_address>
         <run_address>0x9830</run_address>
         <size>0xb</size>
         <input_file_ref idref="fl-30"/>
      </object_component>
      <object_component id="oc-40">
         <name>.text:Interrupt_illegalOperationHandler</name>
         <load_address>0x983b</load_address>
         <run_address>0x983b</run_address>
         <size>0xa</size>
         <input_file_ref idref="fl-13"/>
      </object_component>
      <object_component id="oc-46">
         <name>.text:Interrupt_nmiHandler</name>
         <load_address>0x9845</load_address>
         <run_address>0x9845</run_address>
         <size>0xa</size>
         <input_file_ref idref="fl-13"/>
      </object_component>
      <object_component id="oc-13d">
         <name>.text</name>
         <load_address>0x984f</load_address>
         <run_address>0x984f</run_address>
         <size>0x9</size>
         <input_file_ref idref="fl-2a"/>
      </object_component>
      <object_component id="oc-22">
         <name>.text:decompress:none</name>
         <load_address>0x9858</load_address>
         <run_address>0x9858</run_address>
         <size>0x8</size>
         <input_file_ref idref="fl-27"/>
      </object_component>
      <object_component id="oc-63">
         <name>.text</name>
         <load_address>0x9860</load_address>
         <run_address>0x9860</run_address>
         <size>0x8</size>
         <input_file_ref idref="fl-6"/>
      </object_component>
      <object_component id="oc-4c2">
         <name>.text</name>
         <load_address>0x9868</load_address>
         <run_address>0x9868</run_address>
         <size>0x8</size>
         <input_file_ref idref="fl-3c"/>
      </object_component>
      <object_component id="oc-7a">
         <name>.text</name>
         <load_address>0x9870</load_address>
         <run_address>0x9870</run_address>
         <size>0x7</size>
         <input_file_ref idref="fl-2c"/>
      </object_component>
      <object_component id="oc-1a9">
         <name>.text:config_clk</name>
         <load_address>0x9877</load_address>
         <run_address>0x9877</run_address>
         <size>0x6</size>
         <input_file_ref idref="fl-4"/>
      </object_component>
      <object_component id="oc-112">
         <name>.text:init_card</name>
         <load_address>0x987d</load_address>
         <run_address>0x987d</run_address>
         <size>0x5</size>
         <input_file_ref idref="fl-4"/>
      </object_component>
      <object_component id="oc-4c8">
         <name>.text</name>
         <load_address>0x9882</load_address>
         <run_address>0x9882</run_address>
         <size>0x5</size>
         <input_file_ref idref="fl-3b"/>
      </object_component>
      <object_component id="oc-95">
         <name>.text</name>
         <load_address>0x9887</load_address>
         <run_address>0x9887</run_address>
         <size>0x2</size>
         <input_file_ref idref="fl-24"/>
      </object_component>
      <object_component id="oc-f1">
         <name>.text</name>
         <load_address>0x9889</load_address>
         <run_address>0x9889</run_address>
         <size>0x1</size>
         <input_file_ref idref="fl-35"/>
      </object_component>
      <object_component id="oc-4b5">
         <name>.text:__TI_printfi</name>
         <load_address>0xc000</load_address>
         <run_address>0xc000</run_address>
         <size>0x614</size>
         <input_file_ref idref="fl-2d"/>
      </object_component>
      <object_component id="oc-194">
         <name>.text:Device_enableAllPeripherals</name>
         <load_address>0xc614</load_address>
         <run_address>0xc614</run_address>
         <size>0x167</size>
         <input_file_ref idref="fl-5"/>
      </object_component>
      <object_component id="oc-34c">
         <name>.text:ms5607_read_adc</name>
         <load_address>0xc77b</load_address>
         <run_address>0xc77b</run_address>
         <size>0x7e</size>
         <input_file_ref idref="fl-4"/>
      </object_component>
      <object_component id="oc-488">
         <name>.text:SysCtl_resetMCD</name>
         <load_address>0xc7f9</load_address>
         <run_address>0xc7f9</run_address>
         <size>0x7</size>
         <input_file_ref idref="fl-12"/>
      </object_component>
      <object_component id="oc-4f5">
         <name>.text</name>
         <load_address>0xc800</load_address>
         <run_address>0xc800</run_address>
         <size>0x5dc</size>
         <input_file_ref idref="fl-2d"/>
      </object_component>
      <object_component id="oc-15d">
         <name>.text:SysCtl_setClock</name>
         <load_address>0xcddc</load_address>
         <run_address>0xcddc</run_address>
         <size>0x13b</size>
         <input_file_ref idref="fl-12"/>
      </object_component>
      <object_component id="oc-254">
         <name>.text:DCC_verifyClockFrequency</name>
         <load_address>0xcf17</load_address>
         <run_address>0xcf17</run_address>
         <size>0xcb</size>
         <input_file_ref idref="fl-d"/>
      </object_component>
      <object_component id="oc-393">
         <name>.text:DCC_setCounter0ClkSource</name>
         <load_address>0xcfe2</load_address>
         <run_address>0xcfe2</run_address>
         <size>0x1e</size>
         <input_file_ref idref="fl-d"/>
      </object_component>
      <object_component id="oc-59b">
         <name>.cinit..data.load</name>
         <load_address>0x1b6</load_address>
         <run_address>0x1b6</run_address>
         <size>0xa</size>
      </object_component>
      <object_component id="oc-599">
         <name>__TI_handler_table</name>
         <load_address>0x1c0</load_address>
         <run_address>0x1c0</run_address>
         <size>0x4</size>
      </object_component>
      <object_component id="oc-59a">
         <name>__TI_cinit_table</name>
         <load_address>0x1c4</load_address>
         <run_address>0x1c4</run_address>
         <size>0x4</size>
      </object_component>
      <object_component id="oc-4c">
         <name>.stack</name>
         <uninitialized>true</uninitialized>
         <run_address>0x400</run_address>
         <size>0x0</size>
         <input_file_ref idref="fl-20"/>
      </object_component>
      <object_component id="oc-59c">
         <name>.stack</name>
         <uninitialized>true</uninitialized>
         <run_address>0x400</run_address>
         <size>0x0</size>
      </object_component>
      <object_component id="oc-505">
         <name>.const:.string:_ctypes_</name>
         <load_address>0xa816</load_address>
         <run_address>0xa816</run_address>
         <size>0x101</size>
         <input_file_ref idref="fl-38"/>
      </object_component>
      <object_component id="oc-1f4">
         <name>.const:.string</name>
         <load_address>0xa918</load_address>
         <run_address>0xa918</run_address>
         <size>0xbf</size>
         <input_file_ref idref="fl-4"/>
      </object_component>
      <object_component id="oc-432">
         <name>.const:.string</name>
         <load_address>0xa9d8</load_address>
         <run_address>0xa9d8</run_address>
         <size>0x97</size>
         <input_file_ref idref="fl-e"/>
      </object_component>
      <object_component id="oc-25b">
         <name>.const:.string</name>
         <load_address>0xaa70</load_address>
         <run_address>0xaa70</run_address>
         <size>0x97</size>
         <input_file_ref idref="fl-12"/>
      </object_component>
      <object_component id="oc-374">
         <name>.const:.string</name>
         <load_address>0xab08</load_address>
         <run_address>0xab08</run_address>
         <size>0x94</size>
         <input_file_ref idref="fl-d"/>
      </object_component>
      <object_component id="oc-2b7">
         <name>.const:.string</name>
         <load_address>0xab9c</load_address>
         <run_address>0xab9c</run_address>
         <size>0x94</size>
         <input_file_ref idref="fl-11"/>
      </object_component>
      <object_component id="oc-17b">
         <name>.const:.string</name>
         <load_address>0xac30</load_address>
         <run_address>0xac30</run_address>
         <size>0x4f</size>
         <input_file_ref idref="fl-5"/>
      </object_component>
      <object_component id="oc-2cf">
         <name>.const:.string</name>
         <load_address>0xac80</load_address>
         <run_address>0xac80</run_address>
         <size>0x4a</size>
         <input_file_ref idref="fl-f"/>
      </object_component>
      <object_component id="oc-4c1">
         <name>.const:.string</name>
         <load_address>0xacca</load_address>
         <run_address>0xacca</run_address>
         <size>0x26</size>
         <input_file_ref idref="fl-2d"/>
      </object_component>
      <object_component id="oc-291">
         <name>.const:$P$T0$1</name>
         <load_address>0xacf0</load_address>
         <run_address>0xacf0</run_address>
         <size>0xc</size>
         <input_file_ref idref="fl-4"/>
      </object_component>
      <object_component id="oc-294">
         <name>.const:$P$T1$2</name>
         <load_address>0xacfc</load_address>
         <run_address>0xacfc</run_address>
         <size>0xc</size>
         <input_file_ref idref="fl-4"/>
      </object_component>
      <object_component id="oc-1fd">
         <name>.const:$P$T2$3</name>
         <load_address>0xad08</load_address>
         <run_address>0xad08</run_address>
         <size>0xc</size>
         <input_file_ref idref="fl-4"/>
      </object_component>
      <object_component id="oc-33a">
         <name>.data</name>
         <load_address>0xa80e</load_address>
         <run_address>0xa80e</run_address>
         <size>0x4</size>
         <input_file_ref idref="fl-4"/>
      </object_component>
      <object_component id="oc-33d">
         <name>.data:C</name>
         <load_address>0xa800</load_address>
         <run_address>0xa800</run_address>
         <size>0x7</size>
         <input_file_ref idref="fl-4"/>
      </object_component>
      <object_component id="oc-e6">
         <name>.data</name>
         <load_address>0xa808</load_address>
         <run_address>0xa808</run_address>
         <size>0x6</size>
         <input_file_ref idref="fl-29"/>
      </object_component>
      <object_component id="oc-e9">
         <name>.data:_lock</name>
         <load_address>0xa812</load_address>
         <run_address>0xa812</run_address>
         <size>0x2</size>
         <input_file_ref idref="fl-2a"/>
      </object_component>
      <object_component id="oc-240">
         <name>.data:_unlock</name>
         <load_address>0xa814</load_address>
         <run_address>0xa814</run_address>
         <size>0x2</size>
         <input_file_ref idref="fl-2a"/>
      </object_component>
      <object_component id="oc-4f1">
         <name>.data</name>
         <load_address>0xa807</load_address>
         <run_address>0xa807</run_address>
         <size>0x1</size>
         <input_file_ref idref="fl-3d"/>
      </object_component>
      <object_component id="oc-156">
         <name>.TI.ramfunc</name>
         <load_address>0x1b1</load_address>
         <run_address>0x1b1</run_address>
         <size>0x4</size>
         <input_file_ref idref="fl-12"/>
      </object_component>
      <object_component id="oc-137">
         <name>.debug_types</name>
         <load_address>0x0</load_address>
         <run_address>0x0</run_address>
         <size>0xc85</size>
         <input_file_ref idref="fl-4"/>
      </object_component>
      <object_component id="oc-19b">
         <name>.debug_types</name>
         <load_address>0xc85</load_address>
         <run_address>0xc85</run_address>
         <size>0x1f94</size>
         <input_file_ref idref="fl-5"/>
      </object_component>
      <object_component id="oc-3ca">
         <name>.debug_types</name>
         <load_address>0x2c19</load_address>
         <run_address>0x2c19</run_address>
         <size>0xa2</size>
         <input_file_ref idref="fl-d"/>
      </object_component>
      <object_component id="oc-434">
         <name>.debug_types</name>
         <load_address>0x2cbb</load_address>
         <run_address>0x2cbb</run_address>
         <size>0x3bc</size>
         <input_file_ref idref="fl-e"/>
      </object_component>
      <object_component id="oc-2d1">
         <name>.debug_types</name>
         <load_address>0x0</load_address>
         <run_address>0x0</run_address>
         <size>0x0</size>
         <input_file_ref idref="fl-f"/>
      </object_component>
      <object_component id="oc-6a">
         <name>.debug_types</name>
         <load_address>0x3077</load_address>
         <run_address>0x3077</run_address>
         <size>0x25b</size>
         <input_file_ref idref="fl-10"/>
      </object_component>
      <object_component id="oc-2c5">
         <name>.debug_types</name>
         <load_address>0x32d2</load_address>
         <run_address>0x32d2</run_address>
         <size>0xb8</size>
         <input_file_ref idref="fl-11"/>
      </object_component>
      <object_component id="oc-275">
         <name>.debug_types</name>
         <load_address>0x338a</load_address>
         <run_address>0x338a</run_address>
         <size>0x8b4</size>
         <input_file_ref idref="fl-12"/>
      </object_component>
      <object_component id="oc-6c">
         <name>.debug_types</name>
         <load_address>0x0</load_address>
         <run_address>0x0</run_address>
         <size>0x0</size>
         <input_file_ref idref="fl-13"/>
      </object_component>
      <object_component id="oc-46d">
         <name>.debug_types</name>
         <load_address>0x3c3e</load_address>
         <run_address>0x3c3e</run_address>
         <size>0x297</size>
         <input_file_ref idref="fl-1f"/>
      </object_component>
      <object_component id="oc-74">
         <name>.debug_types</name>
         <load_address>0x3ed5</load_address>
         <run_address>0x3ed5</run_address>
         <size>0x89</size>
         <input_file_ref idref="fl-23"/>
      </object_component>
      <object_component id="oc-ad">
         <name>.debug_types</name>
         <load_address>0x0</load_address>
         <run_address>0x0</run_address>
         <size>0x0</size>
         <input_file_ref idref="fl-24"/>
      </object_component>
      <object_component id="oc-f8">
         <name>.debug_types</name>
         <load_address>0x3f5e</load_address>
         <run_address>0x3f5e</run_address>
         <size>0x441</size>
         <input_file_ref idref="fl-25"/>
      </object_component>
      <object_component id="oc-56">
         <name>.debug_types</name>
         <load_address>0x439f</load_address>
         <run_address>0x439f</run_address>
         <size>0x194</size>
         <input_file_ref idref="fl-27"/>
      </object_component>
      <object_component id="oc-4e">
         <name>.debug_types</name>
         <load_address>0x4533</load_address>
         <run_address>0x4533</run_address>
         <size>0x191</size>
         <input_file_ref idref="fl-28"/>
      </object_component>
      <object_component id="oc-ed">
         <name>.debug_types</name>
         <load_address>0x46c4</load_address>
         <run_address>0x46c4</run_address>
         <size>0x90</size>
         <input_file_ref idref="fl-29"/>
      </object_component>
      <object_component id="oc-145">
         <name>.debug_types</name>
         <load_address>0x4754</load_address>
         <run_address>0x4754</run_address>
         <size>0x2f</size>
         <input_file_ref idref="fl-2a"/>
      </object_component>
      <object_component id="oc-e5">
         <name>.debug_types</name>
         <load_address>0x4783</load_address>
         <run_address>0x4783</run_address>
         <size>0xb6</size>
         <input_file_ref idref="fl-2b"/>
      </object_component>
      <object_component id="oc-94">
         <name>.debug_types</name>
         <load_address>0x0</load_address>
         <run_address>0x0</run_address>
         <size>0x0</size>
         <input_file_ref idref="fl-2c"/>
      </object_component>
      <object_component id="oc-4d5">
         <name>.debug_types</name>
         <load_address>0x4839</load_address>
         <run_address>0x4839</run_address>
         <size>0x8f2</size>
         <input_file_ref idref="fl-2d"/>
      </object_component>
      <object_component id="oc-548">
         <name>.debug_types</name>
         <load_address>0x512b</load_address>
         <run_address>0x512b</run_address>
         <size>0x2f</size>
         <input_file_ref idref="fl-2e"/>
      </object_component>
      <object_component id="oc-550">
         <name>.debug_types</name>
         <load_address>0x0</load_address>
         <run_address>0x0</run_address>
         <size>0x0</size>
         <input_file_ref idref="fl-2f"/>
      </object_component>
      <object_component id="oc-50e">
         <name>.debug_types</name>
         <load_address>0x515a</load_address>
         <run_address>0x515a</run_address>
         <size>0x160</size>
         <input_file_ref idref="fl-30"/>
      </object_component>
      <object_component id="oc-14a">
         <name>.debug_types</name>
         <load_address>0x0</load_address>
         <run_address>0x0</run_address>
         <size>0x0</size>
         <input_file_ref idref="fl-35"/>
      </object_component>
      <object_component id="oc-546">
         <name>.debug_types</name>
         <load_address>0x52ba</load_address>
         <run_address>0x52ba</run_address>
         <size>0x2f</size>
         <input_file_ref idref="fl-36"/>
      </object_component>
      <object_component id="oc-509">
         <name>.debug_types</name>
         <load_address>0x52e9</load_address>
         <run_address>0x52e9</run_address>
         <size>0x34</size>
         <input_file_ref idref="fl-37"/>
      </object_component>
      <object_component id="oc-536">
         <name>.debug_types</name>
         <load_address>0x0</load_address>
         <run_address>0x0</run_address>
         <size>0x0</size>
         <input_file_ref idref="fl-38"/>
      </object_component>
      <object_component id="oc-501">
         <name>.debug_types</name>
         <load_address>0x0</load_address>
         <run_address>0x0</run_address>
         <size>0x0</size>
         <input_file_ref idref="fl-39"/>
      </object_component>
      <object_component id="oc-552">
         <name>.debug_types</name>
         <load_address>0x0</load_address>
         <run_address>0x0</run_address>
         <size>0x0</size>
         <input_file_ref idref="fl-3a"/>
      </object_component>
      <object_component id="oc-4ff">
         <name>.debug_types</name>
         <load_address>0x531d</load_address>
         <run_address>0x531d</run_address>
         <size>0x34</size>
         <input_file_ref idref="fl-3b"/>
      </object_component>
      <object_component id="oc-4fd">
         <name>.debug_types</name>
         <load_address>0x0</load_address>
         <run_address>0x0</run_address>
         <size>0x0</size>
         <input_file_ref idref="fl-3c"/>
      </object_component>
      <object_component id="oc-511">
         <name>.debug_types</name>
         <load_address>0x0</load_address>
         <run_address>0x0</run_address>
         <size>0x0</size>
         <input_file_ref idref="fl-3d"/>
      </object_component>
      <object_component id="oc-55e">
         <name>.debug_types</name>
         <load_address>0x0</load_address>
         <run_address>0x0</run_address>
         <size>0x0</size>
         <input_file_ref idref="fl-3e"/>
      </object_component>
      <object_component id="oc-33b">
         <name>.debug_info</name>
         <load_address>0x0</load_address>
         <run_address>0x0</run_address>
         <size>0x12c</size>
         <input_file_ref idref="fl-4"/>
      </object_component>
      <object_component id="oc-33e">
         <name>.debug_info</name>
         <load_address>0x12c</load_address>
         <run_address>0x12c</run_address>
         <size>0xe4</size>
         <input_file_ref idref="fl-4"/>
      </object_component>
      <object_component id="oc-292">
         <name>.debug_info</name>
         <load_address>0x210</load_address>
         <run_address>0x210</run_address>
         <size>0xf0</size>
         <input_file_ref idref="fl-4"/>
      </object_component>
      <object_component id="oc-295">
         <name>.debug_info</name>
         <load_address>0x300</load_address>
         <run_address>0x300</run_address>
         <size>0xf0</size>
         <input_file_ref idref="fl-4"/>
      </object_component>
      <object_component id="oc-1fe">
         <name>.debug_info</name>
         <load_address>0x3f0</load_address>
         <run_address>0x3f0</run_address>
         <size>0xf0</size>
         <input_file_ref idref="fl-4"/>
      </object_component>
      <object_component id="oc-2e0">
         <name>.debug_info</name>
         <load_address>0x4e0</load_address>
         <run_address>0x4e0</run_address>
         <size>0x173</size>
         <input_file_ref idref="fl-4"/>
      </object_component>
      <object_component id="oc-201">
         <name>.debug_info</name>
         <load_address>0x653</load_address>
         <run_address>0x653</run_address>
         <size>0x1cc</size>
         <input_file_ref idref="fl-4"/>
      </object_component>
      <object_component id="oc-2d3">
         <name>.debug_info</name>
         <load_address>0x81f</load_address>
         <run_address>0x81f</run_address>
         <size>0x176</size>
         <input_file_ref idref="fl-4"/>
      </object_component>
      <object_component id="oc-1e2">
         <name>.debug_info</name>
         <load_address>0x995</load_address>
         <run_address>0x995</run_address>
         <size>0x194</size>
         <input_file_ref idref="fl-4"/>
      </object_component>
      <object_component id="oc-453">
         <name>.debug_info</name>
         <load_address>0xb29</load_address>
         <run_address>0xb29</run_address>
         <size>0x196</size>
         <input_file_ref idref="fl-4"/>
      </object_component>
      <object_component id="oc-300">
         <name>.debug_info</name>
         <load_address>0xcbf</load_address>
         <run_address>0xcbf</run_address>
         <size>0x1d8</size>
         <input_file_ref idref="fl-4"/>
      </object_component>
      <object_component id="oc-332">
         <name>.debug_info</name>
         <load_address>0xe97</load_address>
         <run_address>0xe97</run_address>
         <size>0x196</size>
         <input_file_ref idref="fl-4"/>
      </object_component>
      <object_component id="oc-31e">
         <name>.debug_info</name>
         <load_address>0x102d</load_address>
         <run_address>0x102d</run_address>
         <size>0x196</size>
         <input_file_ref idref="fl-4"/>
      </object_component>
      <object_component id="oc-306">
         <name>.debug_info</name>
         <load_address>0x11c3</load_address>
         <run_address>0x11c3</run_address>
         <size>0x1b3</size>
         <input_file_ref idref="fl-4"/>
      </object_component>
      <object_component id="oc-312">
         <name>.debug_info</name>
         <load_address>0x1376</load_address>
         <run_address>0x1376</run_address>
         <size>0x1a0</size>
         <input_file_ref idref="fl-4"/>
      </object_component>
      <object_component id="oc-32a">
         <name>.debug_info</name>
         <load_address>0x1516</load_address>
         <run_address>0x1516</run_address>
         <size>0x19e</size>
         <input_file_ref idref="fl-4"/>
      </object_component>
      <object_component id="oc-324">
         <name>.debug_info</name>
         <load_address>0x16b4</load_address>
         <run_address>0x16b4</run_address>
         <size>0x192</size>
         <input_file_ref idref="fl-4"/>
      </object_component>
      <object_component id="oc-30c">
         <name>.debug_info</name>
         <load_address>0x1846</load_address>
         <run_address>0x1846</run_address>
         <size>0x1ab</size>
         <input_file_ref idref="fl-4"/>
      </object_component>
      <object_component id="oc-1dc">
         <name>.debug_info</name>
         <load_address>0x19f1</load_address>
         <run_address>0x19f1</run_address>
         <size>0x1b7</size>
         <input_file_ref idref="fl-4"/>
      </object_component>
      <object_component id="oc-1e8">
         <name>.debug_info</name>
         <load_address>0x1ba8</load_address>
         <run_address>0x1ba8</run_address>
         <size>0x19a</size>
         <input_file_ref idref="fl-4"/>
      </object_component>
      <object_component id="oc-1ef">
         <name>.debug_info</name>
         <load_address>0x1d42</load_address>
         <run_address>0x1d42</run_address>
         <size>0x174</size>
         <input_file_ref idref="fl-4"/>
      </object_component>
      <object_component id="oc-1c9">
         <name>.debug_info</name>
         <load_address>0x1eb6</load_address>
         <run_address>0x1eb6</run_address>
         <size>0x194</size>
         <input_file_ref idref="fl-4"/>
      </object_component>
      <object_component id="oc-1cf">
         <name>.debug_info</name>
         <load_address>0x204a</load_address>
         <run_address>0x204a</run_address>
         <size>0x190</size>
         <input_file_ref idref="fl-4"/>
      </object_component>
      <object_component id="oc-1c3">
         <name>.debug_info</name>
         <load_address>0x21da</load_address>
         <run_address>0x21da</run_address>
         <size>0x196</size>
         <input_file_ref idref="fl-4"/>
      </object_component>
      <object_component id="oc-46f">
         <name>.debug_info</name>
         <load_address>0x2370</load_address>
         <run_address>0x2370</run_address>
         <size>0x1b2</size>
         <input_file_ref idref="fl-4"/>
      </object_component>
      <object_component id="oc-447">
         <name>.debug_info</name>
         <load_address>0x2522</load_address>
         <run_address>0x2522</run_address>
         <size>0x1a2</size>
         <input_file_ref idref="fl-4"/>
      </object_component>
      <object_component id="oc-125">
         <name>.debug_info</name>
         <load_address>0x26c4</load_address>
         <run_address>0x26c4</run_address>
         <size>0x1a2</size>
         <input_file_ref idref="fl-4"/>
      </object_component>
      <object_component id="oc-2f3">
         <name>.debug_info</name>
         <load_address>0x2866</load_address>
         <run_address>0x2866</run_address>
         <size>0x1e0</size>
         <input_file_ref idref="fl-4"/>
      </object_component>
      <object_component id="oc-35f">
         <name>.debug_info</name>
         <load_address>0x2a46</load_address>
         <run_address>0x2a46</run_address>
         <size>0x1ee</size>
         <input_file_ref idref="fl-4"/>
      </object_component>
      <object_component id="oc-1f7">
         <name>.debug_info</name>
         <load_address>0x2c34</load_address>
         <run_address>0x2c34</run_address>
         <size>0x19a</size>
         <input_file_ref idref="fl-4"/>
      </object_component>
      <object_component id="oc-12b">
         <name>.debug_info</name>
         <load_address>0x2dce</load_address>
         <run_address>0x2dce</run_address>
         <size>0x1da</size>
         <input_file_ref idref="fl-4"/>
      </object_component>
      <object_component id="oc-1b7">
         <name>.debug_info</name>
         <load_address>0x2fa8</load_address>
         <run_address>0x2fa8</run_address>
         <size>0x1a4</size>
         <input_file_ref idref="fl-4"/>
      </object_component>
      <object_component id="oc-2ed">
         <name>.debug_info</name>
         <load_address>0x314c</load_address>
         <run_address>0x314c</run_address>
         <size>0x14a</size>
         <input_file_ref idref="fl-4"/>
      </object_component>
      <object_component id="oc-113">
         <name>.debug_info</name>
         <load_address>0x3296</load_address>
         <run_address>0x3296</run_address>
         <size>0x13e</size>
         <input_file_ref idref="fl-4"/>
      </object_component>
      <object_component id="oc-1aa">
         <name>.debug_info</name>
         <load_address>0x33d4</load_address>
         <run_address>0x33d4</run_address>
         <size>0x134</size>
         <input_file_ref idref="fl-4"/>
      </object_component>
      <object_component id="oc-1b0">
         <name>.debug_info</name>
         <load_address>0x3508</load_address>
         <run_address>0x3508</run_address>
         <size>0x3cc</size>
         <input_file_ref idref="fl-4"/>
      </object_component>
      <object_component id="oc-11f">
         <name>.debug_info</name>
         <load_address>0x38d4</load_address>
         <run_address>0x38d4</run_address>
         <size>0x184</size>
         <input_file_ref idref="fl-4"/>
      </object_component>
      <object_component id="oc-318">
         <name>.debug_info</name>
         <load_address>0x3a58</load_address>
         <run_address>0x3a58</run_address>
         <size>0x164</size>
         <input_file_ref idref="fl-4"/>
      </object_component>
      <object_component id="oc-131">
         <name>.debug_info</name>
         <load_address>0x3bbc</load_address>
         <run_address>0x3bbc</run_address>
         <size>0x2bc</size>
         <input_file_ref idref="fl-4"/>
      </object_component>
      <object_component id="oc-119">
         <name>.debug_info</name>
         <load_address>0x3e78</load_address>
         <run_address>0x3e78</run_address>
         <size>0x19b</size>
         <input_file_ref idref="fl-4"/>
      </object_component>
      <object_component id="oc-2e7">
         <name>.debug_info</name>
         <load_address>0x4013</load_address>
         <run_address>0x4013</run_address>
         <size>0x15d</size>
         <input_file_ref idref="fl-4"/>
      </object_component>
      <object_component id="oc-2f9">
         <name>.debug_info</name>
         <load_address>0x4170</load_address>
         <run_address>0x4170</run_address>
         <size>0x15f</size>
         <input_file_ref idref="fl-4"/>
      </object_component>
      <object_component id="oc-231">
         <name>.debug_info</name>
         <load_address>0x42cf</load_address>
         <run_address>0x42cf</run_address>
         <size>0x1f7</size>
         <input_file_ref idref="fl-4"/>
      </object_component>
      <object_component id="oc-207">
         <name>.debug_info</name>
         <load_address>0x44c6</load_address>
         <run_address>0x44c6</run_address>
         <size>0x19e</size>
         <input_file_ref idref="fl-4"/>
      </object_component>
      <object_component id="oc-214">
         <name>.debug_info</name>
         <load_address>0x4664</load_address>
         <run_address>0x4664</run_address>
         <size>0x27b</size>
         <input_file_ref idref="fl-4"/>
      </object_component>
      <object_component id="oc-225">
         <name>.debug_info</name>
         <load_address>0x48df</load_address>
         <run_address>0x48df</run_address>
         <size>0x1a4</size>
         <input_file_ref idref="fl-4"/>
      </object_component>
      <object_component id="oc-20d">
         <name>.debug_info</name>
         <load_address>0x4a83</load_address>
         <run_address>0x4a83</run_address>
         <size>0x2b7</size>
         <input_file_ref idref="fl-4"/>
      </object_component>
      <object_component id="oc-219">
         <name>.debug_info</name>
         <load_address>0x4d3a</load_address>
         <run_address>0x4d3a</run_address>
         <size>0x23c</size>
         <input_file_ref idref="fl-4"/>
      </object_component>
      <object_component id="oc-21f">
         <name>.debug_info</name>
         <load_address>0x4f76</load_address>
         <run_address>0x4f76</run_address>
         <size>0x248</size>
         <input_file_ref idref="fl-4"/>
      </object_component>
      <object_component id="oc-347">
         <name>.debug_info</name>
         <load_address>0x51be</load_address>
         <run_address>0x51be</run_address>
         <size>0x200</size>
         <input_file_ref idref="fl-4"/>
      </object_component>
      <object_component id="oc-34d">
         <name>.debug_info</name>
         <load_address>0x53be</load_address>
         <run_address>0x53be</run_address>
         <size>0x33d</size>
         <input_file_ref idref="fl-4"/>
      </object_component>
      <object_component id="oc-462">
         <name>.debug_info</name>
         <load_address>0x56fb</load_address>
         <run_address>0x56fb</run_address>
         <size>0x33e</size>
         <input_file_ref idref="fl-4"/>
      </object_component>
      <object_component id="oc-341">
         <name>.debug_info</name>
         <load_address>0x5a39</load_address>
         <run_address>0x5a39</run_address>
         <size>0x1d1</size>
         <input_file_ref idref="fl-4"/>
      </object_component>
      <object_component id="oc-237">
         <name>.debug_info</name>
         <load_address>0x5c0a</load_address>
         <run_address>0x5c0a</run_address>
         <size>0x1f6</size>
         <input_file_ref idref="fl-4"/>
      </object_component>
      <object_component id="oc-22b">
         <name>.debug_info</name>
         <load_address>0x5e00</load_address>
         <run_address>0x5e00</run_address>
         <size>0x1bb</size>
         <input_file_ref idref="fl-4"/>
      </object_component>
      <object_component id="oc-df">
         <name>.debug_info</name>
         <load_address>0x5fbb</load_address>
         <run_address>0x5fbb</run_address>
         <size>0x24b</size>
         <input_file_ref idref="fl-4"/>
[...]
      </memory_area>
      <memory_area display="yes" color="green">
         <name>FLASH12</name>
         <page_id>0x0</page_id>
         <origin>0xbc000</origin>
         <length>0x2000</length>
         <used_space>0x0</used_space>
         <unused_space>0x2000</unused_space>
         <attributes>RWIX</attributes>
         <usage_details>
         </usage_details>
      </memory_area>
      <memory_area display="yes" color="green">
         <name>FLASH13</name>
         <page_id>0x0</page_id>
         <origin>0xbe000</origin>
         <length>0x2000</length>
         <used_space>0x0</used_space>
         <unused_space>0x2000</unused_space>
         <attributes>RWIX</attributes>
         <usage_details>
         </usage_details>
      </memory_area>
      <memory_area display="no" color="green">
         <name>RESET</name>
         <page_id>0x0</page_id>
         <origin>0x3fffc0</origin>
         <length>0x2</length>
         <used_space>0x0</used_space>
         <unused_space>0x2</unused_space>
         <attributes>RWIX</attributes>
         <usage_details>
         </usage_details>
      </memory_area>
   </placement_map>
   <cptbl_list>
      <cptbl>
         <name>__TI_cinit_table</name>
         <cprec>
            <name>.data</name>
            <load_address>0x1b6</load_address>
            <load_size>0xa</load_size>
            <run_address>0xa800</run_address>
            <run_size>0x16</run_size>
            <compression>lzss</compression>
         </cprec>
      </cptbl>
   </cptbl_list>
   <handler_table>
      <handler_table_name>__TI_handler_table</handler_table_name>
      <handler>
         <index>0x0</index>
         <name>__TI_decompress_lzss</name>
      </handler>
      <handler>
         <index>0x1</index>
         <name>__TI_decompress_none</name>
      </handler>
   </handler_table>
   <symbol_table>
      <symbol id="sm-1">
         <name>__TI_CINIT_Base</name>
         <value>0x1c4</value>
      </symbol>
      <symbol id="sm-2">
         <name>__TI_CINIT_Limit</name>
         <value>0x1c8</value>
      </symbol>
      <symbol id="sm-3">
         <name>__TI_CINIT_Warm</name>
         <value>0x1c8</value>
      </symbol>
      <symbol id="sm-4">
         <name>__TI_Handler_Table_Base</name>
         <value>0x1c0</value>
      </symbol>
      <symbol id="sm-5">
         <name>__TI_Handler_Table_Limit</name>
         <value>0x1c4</value>
      </symbol>
      <symbol id="sm-6">
         <name>__TI_STACK_SIZE</name>
         <value>0x3f8</value>
      </symbol>
      <symbol id="sm-7">
         <name>__TI_STACK_END</name>
         <value>0x7f8</value>
      </symbol>
      <symbol id="sm-8">
         <name>__TI_pprof_out_hndl</name>
         <value>0xffffffff</value>
      </symbol>
      <symbol id="sm-9">
         <name>__TI_prof_data_start</name>
         <value>0xffffffff</value>
      </symbol>
      <symbol id="sm-a">
         <name>__TI_prof_data_size</name>
         <value>0xffffffff</value>
      </symbol>
      <symbol id="sm-23b">
         <name>read_humidity_hih8131</name>
         <value>0x8c0c</value>
         <object_component_ref idref="oc-21e"/>
      </symbol>
      <symbol id="sm-23c">
         <name>send_msg</name>
         <value>0x8f55</value>
         <object_component_ref idref="oc-212"/>
      </symbol>
      <symbol id="sm-23d">
         <name>reset_i2c_bus</name>
         <value>0x9800</value>
         <object_component_ref idref="oc-317"/>
      </symbol>
      <symbol id="sm-23e">
         <name>read_temp_hih8131</name>
         <value>0x8bbf</value>
         <object_component_ref idref="oc-218"/>
      </symbol>
      <symbol id="sm-23f">
         <name>send_fail</name>
         <value>0x956a</value>
         <object_component_ref idref="oc-224"/>
      </symbol>
      <symbol id="sm-240">
         <name>config_clk</name>
         <value>0x9877</value>
         <object_component_ref idref="oc-1a9"/>
      </symbol>
      <symbol id="sm-241">
         <name>init_card</name>
         <value>0x987d</value>
         <object_component_ref idref="oc-112"/>
      </symbol>
      <symbol id="sm-242">
         <name>read_temp_tmp100</name>
         <value>0x8800</value>
         <object_component_ref idref="oc-20c"/>
      </symbol>
      <symbol id="sm-243">
         <name>init_I2C_perip</name>
         <value>0x9261</value>
         <object_component_ref idref="oc-11e"/>
      </symbol>
      <symbol id="sm-244">
         <name>cmd_decoder</name>
         <value>0x8873</value>
         <object_component_ref idref="oc-130"/>
      </symbol>
      <symbol id="sm-245">
         <name>rs422_disable_tx</name>
         <value>0x977e</value>
         <object_component_ref idref="oc-2f8"/>
      </symbol>
      <symbol id="sm-246">
         <name>main</name>
         <value>0x8fde</value>
         <object_component_ref idref="oc-de"/>
      </symbol>
      <symbol id="sm-247">
         <name>init_uart_rs422</name>
         <value>0x9133</value>
         <object_component_ref idref="oc-118"/>
      </symbol>
      <symbol id="sm-248">
         <name>read_pressure_ms5607</name>
         <value>0x8000</value>
         <object_component_ref idref="oc-236"/>
      </symbol>
      <symbol id="sm-249">
         <name>read_temp_ms5607</name>
         <value>0x88e0</value>
         <object_component_ref idref="oc-22a"/>
      </symbol>
      <symbol id="sm-24a">
         <name>send_float</name>
         <value>0x8d2b</value>
         <object_component_ref idref="oc-230"/>
      </symbol>
      <symbol id="sm-24b">
         <name>delay_ms</name>
         <value>0x8b72</value>
         <object_component_ref idref="oc-2ec"/>
      </symbol>
      <symbol id="sm-24c">
         <name>rs422_enable_tx</name>
         <value>0x978e</value>
         <object_component_ref idref="oc-2e6"/>
      </symbol>
      <symbol id="sm-24d">
         <name>send_ok</name>
         <value>0x957f</value>
         <object_component_ref idref="oc-206"/>
      </symbol>
      <symbol id="sm-24e">
         <name>ms5607_init_once</name>
         <value>0x8e5a</value>
         <object_component_ref idref="oc-340"/>
      </symbol>
      <symbol id="sm-24f">
         <name>config_pins</name>
         <value>0x8463</value>
         <object_component_ref idref="oc-1af"/>
      </symbol>
      <symbol id="sm-2bf">
         <name>Device_enableAllPeripherals</name>
         <value>0xc614</value>
         <object_component_ref idref="oc-194"/>
      </symbol>
      <symbol id="sm-2c0">
         <name>Device_verifyXTAL</name>
         <value>0x91ae</value>
         <object_component_ref idref="oc-157"/>
      </symbol>
      <symbol id="sm-2c1">
         <name>Device_initGPIO</name>
         <value>0x9112</value>
         <object_component_ref idref="oc-10c"/>
      </symbol>
      <symbol id="sm-2c2">
         <name>Device_init</name>
         <value>0x8a6b</value>
         <object_component_ref idref="oc-106"/>
      </symbol>
      <symbol id="sm-2c3">
         <name>Device_enableUnbondedGPIOPullups</name>
         <value>0x972c</value>
         <object_component_ref idref="oc-1a2"/>
      </symbol>
      <symbol id="sm-2c4">
         <name>__error__</name>
         <value>0x87f9</value>
         <object_component_ref idref="oc-17c"/>
      </symbol>
      <symbol id="sm-2c5">
         <name>Device_enableUnbondedGPIOPullupsFor176Pin</name>
         <value>0x965c</value>
         <object_component_ref idref="oc-289"/>
      </symbol>
      <symbol id="sm-2d4">
         <name>code_start</name>
         <value>0x0</value>
         <object_component_ref idref="oc-29"/>
      </symbol>
      <symbol id="sm-37f">
         <name>DCC_verifyClockFrequency</name>
         <value>0xcf17</value>
         <object_component_ref idref="oc-254"/>
      </symbol>
      <symbol id="sm-3b9">
         <name>GPIO_setQualificationMode</name>
         <value>0x8e23</value>
         <object_component_ref idref="oc-2a9"/>
      </symbol>
      <symbol id="sm-3ba">
         <name>GPIO_setPadConfig</name>
         <value>0x8b20</value>
         <object_component_ref idref="oc-29d"/>
      </symbol>
      <symbol id="sm-3bb">
         <name>GPIO_setDirectionMode</name>
         <value>0x8ec3</value>
         <object_component_ref idref="oc-297"/>
      </symbol>
      <symbol id="sm-3bc">
         <name>GPIO_setPinConfig</name>
         <value>0x8dec</value>
         <object_component_ref idref="oc-2a3"/>
      </symbol>
      <symbol id="sm-3de">
         <name>I2C_initController</name>
         <value>0x8795</value>
         <object_component_ref idref="oc-1d5"/>
      </symbol>
      <symbol id="sm-41a">
         <name>SCI_setConfig</name>
         <value>0x8dae</value>
         <object_component_ref idref="oc-1bc"/>
      </symbol>
      <symbol id="sm-561">
         <name>SysCtl_isPLLValid</name>
         <value>0x812c</value>
         <object_component_ref idref="oc-26e"/>
      </symbol>
      <symbol id="sm-562">
         <name>SysCtl_delay</name>
         <value>0x1b1</value>
         <object_component_ref idref="oc-156"/>
      </symbol>
      <symbol id="sm-563">
         <name>SysCtl_getAuxClock</name>
         <value>0x894c</value>
         <object_component_ref idref="oc-188"/>
      </symbol>
      <symbol id="sm-564">
         <name>SysCtl_selectXTALSingleEnded</name>
         <value>0x90a5</value>
         <object_component_ref idref="oc-3d2"/>
      </symbol>
      <symbol id="sm-565">
         <name>SysCtl_selectXTAL</name>
         <value>0x8d6e</value>
         <object_component_ref idref="oc-3cc"/>
      </symbol>
      <symbol id="sm-566">
         <name>SysCtl_selectOscSource</name>
         <value>0x8ca0</value>
         <object_component_ref idref="oc-262"/>
      </symbol>
      <symbol id="sm-567">
         <name>SysCtl_getLowSpeedClock</name>
         <value>0x938c</value>
         <object_component_ref idref="oc-182"/>
      </symbol>
      <symbol id="sm-568">
         <name>SysCtl_setClock</name>
         <value>0xcddc</value>
         <object_component_ref idref="oc-15d"/>
      </symbol>
      <symbol id="sm-569">
         <name>SysCtl_getClock</name>
         <value>0x89ad</value>
         <object_component_ref idref="oc-175"/>
      </symbol>
      <symbol id="sm-56a">
         <name>SysCtl_selectOscSourceAuxPLL</name>
         <value>0x8a0d</value>
         <object_component_ref idref="oc-277"/>
      </symbol>
      <symbol id="sm-56b">
         <name>SysCtl_setAuxClock</name>
         <value>0x8244</value>
         <object_component_ref idref="oc-169"/>
      </symbol>
      <symbol id="sm-593">
         <name>Interrupt_defaultHandler</name>
         <value>0x94c1</value>
         <object_component_ref idref="oc-2e"/>
      </symbol>
      <symbol id="sm-594">
         <name>Interrupt_nmiHandler</name>
         <value>0x9845</value>
         <object_component_ref idref="oc-46"/>
      </symbol>
      <symbol id="sm-595">
         <name>Interrupt_initVectorTable</name>
         <value>0x91ea</value>
         <object_component_ref idref="oc-36"/>
      </symbol>
      <symbol id="sm-596">
         <name>Interrupt_illegalOperationHandler</name>
         <value>0x983b</value>
         <object_component_ref idref="oc-40"/>
      </symbol>
      <symbol id="sm-5a5">
         <name>sprintf</name>
         <value>0x8e91</value>
         <object_component_ref idref="oc-358"/>
      </symbol>
      <symbol id="sm-5af">
         <name>_c_int00</name>
         <value>0x93d8</value>
         <object_component_ref idref="oc-81"/>
      </symbol>
      <symbol id="sm-5b0">
         <name>__stack</name>
         <value>0x400</value>
         <object_component_ref idref="oc-4c"/>
      </symbol>
      <symbol id="sm-5bd">
         <name>__c28xabi_divf</name>
         <value>0x85b2</value>
         <object_component_ref idref="oc-352"/>
      </symbol>
      <symbol id="sm-5c5">
         <name>__c28xabi_mpyll</name>
         <value>0x9648</value>
         <object_component_ref idref="oc-365"/>
      </symbol>
      <symbol id="sm-5d7">
         <name>memcpy</name>
         <value>0x927e</value>
         <object_component_ref idref="oc-4f"/>
      </symbol>
      <symbol id="sm-5e4">
         <name>_system_pre_init</name>
         <value>0x9887</value>
         <object_component_ref idref="oc-95"/>
      </symbol>
      <symbol id="sm-5f3">
         <name>__TI_auto_init_nobinit_nopinit</name>
         <value>0x8fb3</value>
         <object_component_ref idref="oc-ae"/>
      </symbol>
      <symbol id="sm-601">
         <name>__TI_decompress_none</name>
         <value>0x9858</value>
         <object_component_ref idref="oc-22"/>
      </symbol>
      <symbol id="sm-615">
         <name>__TI_decompress_lzss</name>
         <value>0x8f85</value>
         <object_component_ref idref="oc-1c"/>
      </symbol>
      <symbol id="sm-62b">
         <name>C$$EXIT</name>
         <value>0x9054</value>
         <object_component_ref idref="oc-a2"/>
      </symbol>
      <symbol id="sm-62c">
         <name>abort</name>
         <value>0x9054</value>
         <object_component_ref idref="oc-a2"/>
      </symbol>
      <symbol id="sm-62d">
         <name>exit</name>
         <value>0x9056</value>
         <object_component_ref idref="oc-a2"/>
      </symbol>
      <symbol id="sm-62e">
         <name>__TI_dtors_ptr</name>
         <value>0xa80c</value>
         <object_component_ref idref="oc-e6"/>
      </symbol>
      <symbol id="sm-62f">
         <name>__TI_cleanup_ptr</name>
         <value>0xa80a</value>
         <object_component_ref idref="oc-e6"/>
      </symbol>
      <symbol id="sm-630">
         <name>__TI_enable_exit_profile_output</name>
         <value>0xa808</value>
         <object_component_ref idref="oc-e6"/>
      </symbol>
      <symbol id="sm-647">
         <name>_nop</name>
         <value>0x9857</value>
         <object_component_ref idref="oc-13d"/>
      </symbol>
      <symbol id="sm-648">
         <name>_lock</name>
         <value>0xa812</value>
         <object_component_ref idref="oc-e9"/>
      </symbol>
      <symbol id="sm-649">
         <name>_unlock</name>
         <value>0xa814</value>
         <object_component_ref idref="oc-240"/>
      </symbol>
      <symbol id="sm-64a">
         <name>_register_lock</name>
         <value>0x9853</value>
         <object_component_ref idref="oc-13d"/>
      </symbol>
      <symbol id="sm-64b">
         <name>_register_unlock</name>
         <value>0x984f</value>
         <object_component_ref idref="oc-13d"/>
      </symbol>
      <symbol id="sm-65a">
         <name>_args_main</name>
         <value>0x980d</value>
         <object_component_ref idref="oc-9c"/>
      </symbol>
      <symbol id="sm-669">
         <name>memset</name>
         <value>0x9870</value>
         <object_component_ref idref="oc-7a"/>
      </symbol>
      <symbol id="sm-7c2">
         <name>__TI_printfi</name>
         <value>0xc48f</value>
         <object_component_ref idref="oc-4b5"/>
      </symbol>
      <symbol id="sm-7d1">
         <name>frexpl</name>
         <value>0x8ac7</value>
         <object_component_ref idref="oc-518"/>
      </symbol>
      <symbol id="sm-7d2">
         <name>frexp</name>
         <value>0x8ac7</value>
         <object_component_ref idref="oc-518"/>
      </symbol>
      <symbol id="sm-7e6">
         <name>scalbn</name>
         <value>0x8512</value>
         <object_component_ref idref="oc-51e"/>
      </symbol>
      <symbol id="sm-7e7">
         <name>scalbnl</name>
         <value>0x8512</value>
         <object_component_ref idref="oc-51e"/>
      </symbol>
      <symbol id="sm-7e8">
         <name>ldexpl</name>
         <value>0x8512</value>
         <object_component_ref idref="oc-51e"/>
      </symbol>
      <symbol id="sm-7e9">
         <name>ldexp</name>
         <value>0x8512</value>
         <object_component_ref idref="oc-51e"/>
      </symbol>
      <symbol id="sm-7f8">
         <name>wcslen</name>
         <value>0x9830</value>
         <object_component_ref idref="oc-4eb"/>
      </symbol>
      <symbol id="sm-800">
         <name>__c28xabi_orll</name>
         <value>0x9441</value>
         <object_component_ref idref="oc-4e6"/>
      </symbol>
      <symbol id="sm-801">
         <name>__c28xabi_xorll</name>
         <value>0x9449</value>
         <object_component_ref idref="oc-4e6"/>
      </symbol>
      <symbol id="sm-802">
         <name>__c28xabi_andll</name>
         <value>0x9439</value>
         <object_component_ref idref="oc-4e6"/>
      </symbol>
      <symbol id="sm-80c">
         <name>__c28xabi_cmpll</name>
         <value>0x9226</value>
         <object_component_ref idref="oc-4dc"/>
      </symbol>
      <symbol id="sm-80d">
         <name>__c28xabi_cmpull</name>
         <value>0x9238</value>
         <object_component_ref idref="oc-4dc"/>
      </symbol>
      <symbol id="sm-834">
         <name>__c28xabi_modull</name>
         <value>0x8401</value>
         <object_component_ref idref="oc-4e1"/>
      </symbol>
      <symbol id="sm-835">
         <name>__c28xabi_divull</name>
         <value>0x83d2</value>
         <object_component_ref idref="oc-4e1"/>
      </symbol>
      <symbol id="sm-836">
         <name>__c28xabi_divll</name>
         <value>0x835c</value>
         <object_component_ref idref="oc-4e1"/>
      </symbol>
      <symbol id="sm-837">
         <name>__c28xabi_modll</name>
         <value>0x8398</value>
         <object_component_ref idref="oc-4e1"/>
      </symbol>
      <symbol id="sm-845">
         <name>_system_post_cinit</name>
         <value>0x9889</value>
         <object_component_ref idref="oc-f1"/>
      </symbol>
      <symbol id="sm-854">
         <name>__TI_ltoa</name>
         <value>0x8f25</value>
         <object_component_ref idref="oc-512"/>
      </symbol>
      <symbol id="sm-869">
         <name>atoi</name>
         <value>0x8ef4</value>
         <object_component_ref idref="oc-4d6"/>
      </symbol>
      <symbol id="sm-874">
         <name>_ctypes_</name>
         <value>0xa816</value>
         <object_component_ref idref="oc-505"/>
      </symbol>
      <symbol id="sm-884">
         <name>memccpy</name>
         <value>0x979e</value>
         <object_component_ref idref="oc-4ce"/>
      </symbol>
      <symbol id="sm-894">
         <name>strchr</name>
         <value>0x9819</value>
         <object_component_ref idref="oc-524"/>
      </symbol>
      <symbol id="sm-8a2">
         <name>strcpy</name>
         <value>0x9882</value>
         <object_component_ref idref="oc-4c8"/>
      </symbol>
      <symbol id="sm-8b0">
         <name>strlen</name>
         <value>0x9868</value>
         <object_component_ref idref="oc-4c2"/>
      </symbol>
      <symbol id="sm-8bb">
         <name>errno</name>
         <value>0xa807</value>
         <object_component_ref idref="oc-4f1"/>
      </symbol>
      <symbol id="sm-8c8">
         <name>copysign</name>
         <value>0x907d</value>
         <object_component_ref idref="oc-549"/>
      </symbol>
      <symbol id="sm-8c9">
         <name>copysignl</name>
         <value>0x907d</value>
         <object_component_ref idref="oc-549"/>
      </symbol>
      <symbol id="sm-8d1">
         <name>__c28xabi_divul</name>
         <value>0x9047</value>
         <object_component_ref idref="oc-540"/>
      </symbol>
      <symbol id="sm-8d2">
         <name>__c28xabi_modul</name>
         <value>0x904e</value>
         <object_component_ref idref="oc-540"/>
      </symbol>
      <symbol id="sm-8d3">
         <name>__c28xabi_modl</name>
         <value>0x9039</value>
         <object_component_ref idref="oc-540"/>
      </symbol>
      <symbol id="sm-8d4">
         <name>__c28xabi_divl</name>
         <value>0x902a</value>
         <object_component_ref idref="oc-540"/>
      </symbol>
      <symbol id="sm-8d6">
         <name>__c_args__</name>
         <value>0x0</value>
      </symbol>
   </symbol_table>
   <title>Link successful</title>
</link_info>
